[2026-02-13 16:07:57] === Transaction Timeout Processor Started ===
[2026-02-13 16:07:57] --- Processing Teacher Timeouts ---
[2026-02-13 16:07:57] FATAL ERROR: SQLSTATE[42S02]: Base table or view not found: 1146 Table 'SkillXchange.chat_transaction_events' doesn't exist
[2026-02-13 16:07:57] #0 /Applications/XAMPP/xamppfiles/htdocs/SkillXchange/core/Database.php(47): PDOStatement->execute()
#1 /Applications/XAMPP/xamppfiles/htdocs/SkillXchange/core/Database.php(56): Database->execute()
#2 /Applications/XAMPP/xamppfiles/htdocs/SkillXchange/scripts/process_transaction_timeouts.php(72): Database->resultSet()
#3 /Applications/XAMPP/xamppfiles/htdocs/SkillXchange/scripts/process_transaction_timeouts.php(34): TransactionTimeoutProcessor->processTeacherTimeouts()
#4 /Applications/XAMPP/xamppfiles/htdocs/SkillXchange/scripts/process_transaction_timeouts.php(506): TransactionTimeoutProcessor->run()
#5 {main}
[2026-02-13 16:18:33] === Transaction Timeout Processor Started ===
[2026-02-13 16:18:33] --- Processing Teacher Timeouts ---
[2026-02-13 16:18:33] Found 0 teacher timeout events
[2026-02-13 16:18:33] --- Processing Learner Timeouts ---
[2026-02-13 16:18:33] Found 0 learner timeout events
[2026-02-13 16:18:33] --- Sending Reminder Notifications ---
[2026-02-13 16:18:33] Found 0 events needing reminders
[2026-02-13 16:18:33] --- Sending Expiry Warnings ---
[2026-02-13 16:18:33] Found 0 events expiring soon
[2026-02-13 16:18:33] === Processing Complete ===
[2026-02-13 16:18:33] Total events processed: 0
[2026-04-17 15:19:04] === Transaction Timeout Processor Started ===
[2026-04-17 15:19:04] --- Processing Teacher Timeouts ---
[2026-04-17 15:19:04] Found 0 teacher timeout events
[2026-04-17 15:19:04] --- Processing Learner Timeouts ---
[2026-04-17 15:19:04] Found 0 learner timeout events
[2026-04-17 15:19:04] --- Sending Reminder Notifications ---
[2026-04-17 15:19:04] Found 0 events needing reminders
[2026-04-17 15:19:04] --- Sending Expiry Warnings ---
[2026-04-17 15:19:04] Found 1 events expiring soon
[2026-04-17 15:19:04] Sent expiry warning for event #10
[2026-04-17 15:19:04] === Processing Complete ===
[2026-04-17 15:19:04] Total events processed: 1
